

 ETABS Nonlinear 64-bit 23.3.0 Build 4545 (Analysis Build 10005/64)             
 File: C:\Users\emilg\Artifici...\CDCRD-Digital\modelos\edificio_oficinas_SD.OUT
                                                                     
                                                                       

 3, CONSTR = RIGID, DOF = U1 U2 R3

                     LOCAL COORDINATE SYSTEM FOR CONSTRAINT MASTER
  GLOBAL          U1          U2          U3          R1          R2          R3
     X      1.000000     .000000     .000000    1.000000     .000000     .000000
     Y       .000000    1.000000     .000000     .000000    1.000000     .000000
     Z       .000000     .000000    1.000000     .000000     .000000    1.000000

                     TRANSLATIONAL MASS AND MASS MOMENTS OF INERTIA
                  U1          U2          U3          R1          R2          R3
          198.193575  198.193575     .000000     .000000     .000000  1.3184E+07

                     CENTER OF MASS
  GLOBAL          U1          U2          U3
     X    236.220472  236.220472  236.220472
     Y    236.220472  236.220472  236.220472
     Z    354.330709  354.330709  354.330709

 5, CONSTR = RIGID, DOF = U1 U2 R3

                     LOCAL COORDINATE SYSTEM FOR CONSTRAINT MASTER
  GLOBAL          U1          U2          U3          R1          R2          R3
     X      1.000000     .000000     .000000    1.000000     .000000     .000000
     Y       .000000    1.000000     .000000     .000000    1.000000     .000000
     Z       .000000     .000000    1.000000     .000000     .000000    1.000000

                     TRANSLATIONAL MASS AND MASS MOMENTS OF INERTIA
                  U1          U2          U3          R1          R2          R3
          244.499096  244.499096     .000000     .000000     .000000  1.6629E+07

                     CENTER OF MASS
  GLOBAL          U1          U2          U3
     X    236.220472  236.220472  236.220472
     Y    236.220472  236.220472  236.220472
     Z    236.220472  236.220472  236.220472

 7, CONSTR = RIGID, DOF = U1 U2 R3

                     LOCAL COORDINATE SYSTEM FOR CONSTRAINT MASTER
  GLOBAL          U1          U2          U3          R1          R2          R3
     X      1.000000     .000000     .000000    1.000000     .000000     .000000
     Y       .000000    1.000000     .000000     .000000    1.000000     .000000
     Z       .000000     .000000    1.000000     .000000     .000000    1.000000

                     TRANSLATIONAL MASS AND MASS MOMENTS OF INERTIA
                  U1          U2          U3          R1          R2          R3
          244.499096  244.499096     .000000     .000000     .000000  1.6629E+07

                     CENTER OF MASS
  GLOBAL          U1          U2          U3
     X    236.220472  236.220472  236.220472
     Y    236.220472  236.220472  236.220472
     Z    118.110236  118.110236  118.110236

 D I S P L A C E M E N T   D E G R E E S   O F   F R E E D O M

         (A) = Active DOF, equilibrium equation
         (-) = Restrained DOF, reaction computed
         (+) = Constrained DOF
         (>) = External substructure DOF
         ( ) = Null DOF

  JOINTS              UX  UY  UZ  RX  RY  RZ
       1               -   -   -   -   -   -
       2 TO       7    +   +   A   A   A   +
       8               -   -   -   -   -   -
       9 TO      10    +   +   A   A   A   +
      11               -   -   -   -   -   -
      12 TO      14    +   +   A   A   A   +
      15               -   -   -   -   -   -
      16 TO      17    +   +   A   A   A   +
      18               -   -   -   -   -   -
      19 TO      20    +   +   A   A   A   +
      21               -   -   -   -   -   -
      22 TO      24    +   +   A   A   A   +
      25               -   -   -   -   -   -
      26 TO      28    +   +   A   A   A   +
      29               -   -   -   -   -   -
      30 TO      32    +   +   A   A   A   +
      33               -   -   -   -   -   -
      34 TO      36    +   +   A   A   A   +
      37 TO      39    +   +   -   -   -   +
     ~40 TO    ~375    A   A   A   A   A   A
    NULL                                    

  CONSTRAINTS         U1  U2  U3  R1  R2  R3
 3       TO 7          A   A               A
